
[TestPrintExpr - 1]
&codegen.BinaryExpr{
    Left: &codegen.LitExpr{
        Lit: &codegen.NumLit{
            Value:  0.1,
            span:   (*codegen.Span)(nil),
            source: nil,
        },
        span: &codegen.Span{
            Start: codegen.Location{Line:1, Column:1},
            End:   codegen.Location{Line:1, Column:4},
        },
        source: nil,
    },
    Op:    "+",
    Right: &codegen.LitExpr{
        Lit: &codegen.NumLit{
            Value:  0.2,
            span:   (*codegen.Span)(nil),
            source: nil,
        },
        span: &codegen.Span{
            Start: codegen.Location{Line:1, Column:7},
            End:   codegen.Location{Line:1, Column:10},
        },
        source: nil,
    },
    span: &codegen.Span{
        Start: codegen.Location{Line:1, Column:1},
        End:   codegen.Location{Line:1, Column:10},
    },
    source: nil,
}
---

[TestPrintModule - 1]
function add(temp1, temp2) {
  const a = temp1;
  const b = temp2;
  return a + b;
}
function sub(temp3, temp4) {
  const a = temp3;
  const b = temp4;
  return a - b;
}

---
