
[TestFactsUnclassifiedMethodsAreListed - 1]
Array.prototype.concat
Array.prototype.toLocaleString
Date.prototype.getTimezoneOffset
Date.prototype.toISOString
Date.prototype.toUTCString
ForInIteratorPrototype.next
Number.prototype.toExponential
Number.prototype.toFixed
Number.prototype.toLocaleString
Number.prototype.toPrecision
RegExp.prototype [ @@matchAll ]
RegExp.prototype [ @@replace ]
RegExp.prototype [ @@split ]
RegExpStringIteratorPrototype.next
SharedArrayBuffer.prototype.grow
String.prototype.normalize
String.prototype.repeat
String.prototype.split
String.prototype.toLocaleLowerCase
String.prototype.toLocaleUpperCase
String.prototype.toLowerCase
String.prototype.toUpperCase
TypedArray.prototype.slice
TypedArray.prototype.toLocaleString
get RegExp.prototype.flags
---
